[vk.link/fnteam_gta.html]
[vk.link/images/icons/favicons/fav_logo_2x1679.ico]
[backblue.gif]
[fade.gif]
[index.html]
[vk.link/images/icons/pwa/apple/defaultc9f0.png]
[vk.com/js/api/openapi006f.js]
[sun9-28.userapi.com/impf/ois7J3QHCG9cWj8miJopnNyCvPw_jwuWqMPTAA/BAn4XzduNOwaf4a.jpg]
[vk.link/js/cmodules/bundles/common.10b3fae962645065a9f76942.js]
[vk.link/js/cmodules/bundles/palette.7bce36dd6ca1f663c5897b34.js]
[vk.link/js/cmodules/bundles/98128115ad232d3b37413c0ed0fd40c7.4f60d0f775623271a692062f.js]
[vk.link/js/cmodules/bundles/876ed232ac69212d76de936896aed9e3.b99d8ef8c2cfc7eab613f4fd.js]
[vk.link/js/cmodules/web/micro_landing.43c66e9cdd27a9a7ce20cd82.js]
[vk.link/fnteam_gta.html]
[vk.link/css/al/micro_landing.a883f3b697e450afd7ef.css]
[vk.link/widget_comments.b.delayed]
[vk.link/; path=/index.html]
[vk.link/index.html]
[vk.link/widget_recommended.php]
[vk.link/widget_post.php]
[vk.link/widget_like.php]
[vk.link/al_widget_poll.php]
[vk.link/widget_app.php]
[vk.link/widget_community.php]
[vk.link/widget_auth.php]
[vk.link/widget_subscribe.php]
[vk.link/widget_contactus.php]
[vk.link/widget_bookmarks.php]
[vk.link/widget_playlist.php]
[vk.link/ads_rotate.php]
[vk.link/web/ads_lightd41d.js]
[vk.link/widget_allow_messages_from_community.php]
[vk.link/widget_article.php]
[vk.link/widget_podcast.php]
[vk.link/widget_community_messages.php]
[vk.link/blankd41d.php]
[vk.link/api/openapi.js]
[vk.com/js/api/openapi006f.js]
[vk.link/al_indexfeed.php]
[vk.link/eQf/index.html]
[vk.link/web/photoview.js]
[vk.link/photoview.css]
[vk.link/page.js]
[vk.link/al_photos.php]
[vk.link/web/video.js]
[vk.link/video.css]
[vk.link/al_market.php]
[vk.link/web/wkview.js]
[vk.link/wkview.css]
[vk.link/wk.css]
[vk.link/web/wk.js]
[vk.link/web/wk_editor.js]
[vk.link/wk_editor.css]
[vk.link/wkview.php]
[vk.link/apps.js]
[vk.link/web/podcast.js]
[vk.link/web/article_layer.js]
[vk.link/web/article_editor_layer.js]
[vk.link/article.css]
[vk.link/al_articles.php]
[vk.link/al_bookmarks.php]
[vk.link/fave.php]
[vk.link/like.php]
[vk.link/wide_dd.css]
[vk.link/web/sharebox.js]
[vk.link/voice_message_player.js]
[vk.link/al_donut.php]
[vk.link/web/donut_subscribe_popup.js]
[vk.link/al_audio7996.php]
[vk.link/BJj/index.html]
[vk.link/al_search.php]
[vk.link/RjD/index.html]
[vk.link/web/box.js]
[vk.link/boxes.css]
[vk.link/S/j/index.html]
[vk.link/captcha7278.php]
[vk.link/al_index.php]
[vk.link/web/tooltips.js]
[vk.link/raven_logger.js]
[vk.link/raven.js]
[vk.link/videoview.css]
[vk.link/al_video3909.php]
[vk.link/videoplayer.js]
[vk.link/videoplayer.css]
[vk.link/hls.min.js]
[vk.link/al_video32af.php]
[vk.link/al_settings.php]
[vk.link/al_im.php]
[vk.link/web/writebox.js]
[vk.link/writebox.css]
[vk.link/page.css]
[vk.link/post.css]
[vk.link/web/emoji.js]
[vk.link/al_gifts.php]
[vk.link/web/gifts.js]
[vk.link/al_payments4828.php]
[vk.link/al_payments.php]
[vk.link/workers/payments.js]
[vk.link/reports.php]
[vk.link/reports36eb.php]
[vk.link/al_login.php]
[vk.link/delete_all.php]
[vk.link/special_event.php]
[vk.link/join.php]
[vk.link/joina93c.php]
[vk.link/away9e15.php]
[vk.link/js/cmodules/bundles/common.10b3fae962645065a9f76942.js]
[vk.link/${e}]
[vk.link/cmodules/bundles/palette.7bce36dd6ca1f663c589.js]
[vk.link/js/cmodules/bundles/palette.7bce36dd6ca1f663c5897b34.js]
[vk.link/cmodules/bundles/98128115ad232d3b37413c0ed0fd40c7.4f60d0f775623271a692.js]
[vk.link/js/cmodules/bundles/98128115ad232d3b37413c0ed0fd40c7.4f60d0f775623271a692062f.js]
[vk.link/cmodules/bundles/876ed232ac69212d76de936896aed9e3.b99d8ef8c2cfc7eab613.js]
[vk.link/js/cmodules/bundles/876ed232ac69212d76de936896aed9e3.b99d8ef8c2cfc7eab613f4fd.js]
[vk.link/web/micro_landing.js]
[vk.link/js/cmodules/web/micro_landing.43c66e9cdd27a9a7ce20cd82.js]
[vk.link/css/al/micro_landing.a883f3b697e450afd7ef.css]
[vk.link/; path=/index.html]
[vk.link/index.html]
[vk.link/widget_comments.html]
[vk.link/widget_recommended.html]
[vk.link/widget_post.html]
[vk.link/widget_like.html]
[vk.link/al_widget_poll.html]
[vk.link/widget_app.html]
[vk.link/widget_community.html]
[vk.link/widget_auth.html]
[vk.link/widget_subscribe.html]
[vk.link/widget_contactus.html]
[vk.link/widget_bookmarks.html]
[vk.link/widget_playlist.html]
[vk.link/ads_rotate.html]
[vk.link/web/ads_lightd41d.html]
[vk.link/widget_article.html]
[vk.link/widget_podcast.html]
[vk.link/widget_community_messages.html]
[vk.link/blankd41d.html]
[vk.com/js/api/openapi_updated41d.html]
[vk.link/api/openapi.html]
[vk.link/eQf/index.html]
[vk.link/web/photoview.html]
[vk.link/photoview.html]
[vk.link/page.html]
[vk.link/al_photos.html]
[vk.link/web/video.html]
[vk.link/video.html]
[vk.link/al_market.html]
[vk.link/web/wkview.html]
[vk.link/wkview.html]
[vk.link/wk.html]
[vk.link/web/wk.html]
[vk.link/web/wk_editor.html]
[vk.link/wk_editor.html]
[vk.link/wkview-2.html]
[vk.link/apps.html]
[vk.link/web/podcast.html]
[vk.link/web/article_layer.html]
[vk.link/web/article_editor_layer.html]
[vk.link/article.html]
[vk.link/al_articles.html]
[vk.link/al_bookmarks.html]
[vk.link/fave.html]
[vk.link/like.html]
[vk.link/wide_dd.html]
[vk.link/web/sharebox.html]
[vk.link/voice_message_player.html]
[vk.link/al_donut.html]
[vk.link/web/donut_subscribe_popup.html]
[vk.link/BJj/index.html]
[vk.link/RjD/index.html]
[vk.link/S/j/index.html]
[vk.link/al_search.html]
[vk.link/web/box.html]
[vk.link/boxes.html]
[vk.link/captcha7278.html]
[vk.link/al_index.html]
[vk.link/web/tooltips.html]
[vk.link/raven_logger.html]
[vk.link/raven.html]
[vk.link/videoview.html]
[vk.link/al_video3909.html]
[vk.link/videoplayer.html]
[vk.link/videoplayer-2.html]
[vk.link/hls.min.html]
[vk.link/al_settings.html]
[vk.link/al_im.html]
[vk.link/web/writebox.html]
[vk.link/writebox.html]
[vk.link/page-2.html]
[vk.link/post.html]
[vk.link/web/emoji.html]
[vk.link/al_gifts.html]
[vk.link/web/gifts.html]
[vk.link/al_payments.html]
[vk.link/workers/payments.html]
[vk.link/reports.html]
[vk.link/al_login.html]
[vk.link/delete_all.html]
[vk.link/special_event.html]
[vk.link/join.html]
[vk.link/away9e15.html]
[vk.link/${e}.html]
[vk.link/cmodules/bundles/palette.7bce36dd6ca1f663c589.html]
[vk.link/cmodules/bundles/98128115ad232d3b37413c0ed0fd40c7.4f60d0f775623271a692.html]
[vk.link/nS9/index.html]
[vk.link/nS9/index.html]
[vk.link/cmodules/bundles/876ed232ac69212d76de936896aed9e3.b99d8ef8c2cfc7eab613.html]
[vk.link/js/cmodules/index.html]
[vk.link/js/cmodules/index.html]
[vk.link/web/micro_landing.html]
